******************************************************************************
                     PRU Linker Unix v2.1.4                    
******************************************************************************
>> Linked Tue May 16 13:20:27 2017

OUTPUT FILE NAME:   <gen/hcsr04.out>
ENTRY POINT SYMBOL: "_c_int00_noinit_noargs_noexit"  address: 00000000


MEMORY CONFIGURATION

         name            origin    length      used     unused   attr    fill
----------------------  --------  ---------  --------  --------  ----  --------
PAGE 0:
  PRU_IMEM              00000000   00002000  00000cdc  00001324  RWIX

PAGE 1:
  PRU_DMEM_0_1          00000000   00002000  00000398  00001c68  RWIX
  PRU_DMEM_1_0          00002000   00002000  00000000  00002000  RWIX

PAGE 2:
  PRU_SHAREDMEM         00010000   00003000  00000000  00003000  RWIX
  PRU_INTC              00020000   00001504  00001504  00000000  RWIX
  PRU_CFG               00026000   00000044  00000044  00000000  RWIX
  PRU_UART              00028000   00000038  00000000  00000038  RWIX
  PRU_IEP               0002e000   0000031c  00000000  0000031c  RWIX
  PRU_ECAP              00030000   00000060  00000000  00000060  RWIX
  RSVD27                00032000   00000100  00000000  00000100  RWIX
  RSVD21                00032400   00000100  00000000  00000100  RWIX
  L3OCMC                40000000   00010000  00000000  00010000  RWIX
  MCASP0_DMA            46000000   00000100  00000000  00000100  RWIX
  UART1                 48022000   00000088  00000000  00000088  RWIX
  UART2                 48024000   00000088  00000000  00000088  RWIX
  I2C1                  4802a000   000000d8  00000000  000000d8  RWIX
  MCSPI0                48030000   000001a4  00000000  000001a4  RWIX
  DMTIMER2              48040000   0000005c  00000000  0000005c  RWIX
  MMCHS0                48060000   00000300  00000000  00000300  RWIX
  MBX0                  480c8000   00000140  00000000  00000140  RWIX
  SPINLOCK              480ca000   00000880  00000000  00000880  RWIX
  I2C2                  4819c000   000000d8  00000000  000000d8  RWIX
  MCSPI1                481a0000   000001a4  00000000  000001a4  RWIX
  DCAN0                 481cc000   000001e8  00000000  000001e8  RWIX
  DCAN1                 481d0000   000001e8  00000000  000001e8  RWIX
  PWMSS0                48300000   000002c4  00000000  000002c4  RWIX
  PWMSS1                48302000   000002c4  00000000  000002c4  RWIX
  PWMSS2                48304000   000002c4  00000000  000002c4  RWIX
  RSVD13                48310000   00000100  00000000  00000100  RWIX
  RSVD10                48318000   00000100  00000000  00000100  RWIX
  TPCC                  49000000   00001098  00000000  00001098  RWIX
  GEMAC                 4a100000   0000128c  00000000  0000128c  RWIX
  DDR                   80000000   00000100  00000000  00000100  RWIX


SECTION ALLOCATION MAP

 output                                  attributes/
section   page    origin      length       input sections
--------  ----  ----------  ----------   ----------------
.text:_c_int00* 
*          0    00000000    00000014     
                  00000000    00000014     rtspruv3_le.lib : boot_special.obj (.text:_c_int00_noinit_noargs_noexit)

.text      0    00000014    00000cc8     
                  00000014    000001b0     rtspruv3_le.lib : imath64.obj (.text:__pruabi_divull)
                  000001c4    00000114                     : divu_c.obj (.text:__pruabi_divu)
                  000002d8    00000100     main.object (.text:main)
                  000003d8    000000e4     main.object (.text:hc_sr04_measure_pulse)
                  000004bc    000000d8     rpmsg_lib.lib : pru_rpmsg.object (.text:pru_rpmsg_send)
                  00000594    000000c4     rtspruv3_le.lib : remu_c.obj (.text:__pruabi_remu)
                  00000658    000000c4     rpmsg_lib.lib : pru_rpmsg.object (.text:pru_rpmsg_receive)
                  0000071c    000000a8     main.object (.text:itoa)
                  000007c4    0000008c     rtspruv3_le.lib : divi_c.obj (.text:__pruabi_divi)
                  00000850    00000070     main.object (.text:reverse)
                  000008c0    0000006c     rtspruv3_le.lib : imath64.obj (.text:_subcull)
                  0000092c    00000060                     : imath64.obj (.text:__pruabi_lslll)
                  0000098c    00000060                     : remi_c.obj (.text:__pruabi_remi)
                  000009ec    00000060     rpmsg_lib.lib : pru_rpmsg.object (.text:pru_rpmsg_init)
                  00000a4c    00000060                   : pru_virtqueue.object (.text:pru_virtqueue_get_avail_buf)
                  00000aac    00000060                   : pru_virtqueue.object (.text:pru_virtqueue_init)
                  00000b0c    0000005c                   : pru_rpmsg.object (.text:pru_rpmsg_channel)
                  00000b68    0000005c                   : pru_virtqueue.object (.text:pru_virtqueue_add_used_buf)
                  00000bc4    00000048     main.object (.text:measure_distance_mm)
                  00000c0c    00000044     rtspruv3_le.lib : imath64.obj (.text:__pruabi_lsrll)
                  00000c50    00000034                     : memcpy.obj (.text)
                  00000c84    00000028     rpmsg_lib.lib : pru_virtqueue.object (.text:pru_virtqueue_kick)
                  00000cac    00000020     rtspruv3_le.lib : imath64.obj (.text:__lmbdull)
                  00000ccc    00000008                     : exit.obj (.text:abort)
                  00000cd4    00000008                     : exit.obj (.text:loader_exit)

.bss       1    00000000    00000200     UNINITIALIZED
                  00000000    00000200     (.common:payload)

.stack     1    00000200    00000100     UNINITIALIZED
                  00000200    00000004     rtspruv3_le.lib : boot.obj (.stack)
                  00000204    000000fc     --HOLE--

.data      1    00000394    00000004     
                  00000394    00000004     main.object (.data:pru_intc_map)

.cinit     1    00000000    00000000     UNINITIALIZED

.rodata    1    0000037c    00000018     
                  0000037c    00000018     main.object (.rodata:.string)

.resource_table 
*          1    00000300    0000007c     
                  00000300    0000007c     main.object (.resource_table:retain)

.creg.PRU_INTC.noload.near 
*          2    00020000    00000000     NOLOAD SECTION

.creg.PRU_INTC.near 
*          2    00020000    00000000     UNINITIALIZED

.creg.PRU_INTC.noload.far 
*          2    00020000    00001504     NOLOAD SECTION
                  00020000    00001504     main.object (.creg.PRU_INTC.noload.far)

.creg.PRU_INTC.far 
*          2    00021504    00000000     UNINITIALIZED

.creg.PRU_CFG.noload.near 
*          2    00026000    00000044     NOLOAD SECTION
                  00026000    00000044     main.object (.creg.PRU_CFG.noload.near)

.creg.PRU_CFG.near 
*          2    00026044    00000000     UNINITIALIZED

.creg.PRU_CFG.noload.far 
*          2    00026044    00000000     NOLOAD SECTION

.creg.PRU_CFG.far 
*          2    00026044    00000000     UNINITIALIZED


SEGMENT ATTRIBUTES

    id tag      seg value
    -- ---      --- -----
     0 PHA_PAGE 1   1    
     1 PHA_PAGE 2   1    
     2 PHA_PAGE 3   1    
     3 PHA_PAGE 4   1    


GLOBAL SYMBOLS: SORTED ALPHABETICALLY BY Name 

page  address   name                         
----  -------   ----                         
0     00000cd4  C$$EXIT                      
2     00026000  CT_CFG                       
2     00020000  CT_INTC                      
abs   481cc000  __PRU_CREG_BASE_DCAN0        
abs   481d0000  __PRU_CREG_BASE_DCAN1        
abs   80000000  __PRU_CREG_BASE_DDR          
abs   48040000  __PRU_CREG_BASE_DMTIMER2     
abs   4a100000  __PRU_CREG_BASE_GEMAC        
abs   4802a000  __PRU_CREG_BASE_I2C1         
abs   4819c000  __PRU_CREG_BASE_I2C2         
abs   40000000  __PRU_CREG_BASE_L3OCMC       
abs   480c8000  __PRU_CREG_BASE_MBX0         
abs   46000000  __PRU_CREG_BASE_MCASP0_DMA   
abs   48030000  __PRU_CREG_BASE_MCSPI0       
abs   481a0000  __PRU_CREG_BASE_MCSPI1       
abs   48060000  __PRU_CREG_BASE_MMCHS0       
abs   00026000  __PRU_CREG_BASE_PRU_CFG      
abs   00000000  __PRU_CREG_BASE_PRU_DMEM_0_1 
abs   00002000  __PRU_CREG_BASE_PRU_DMEM_1_0 
abs   00030000  __PRU_CREG_BASE_PRU_ECAP     
abs   0002e000  __PRU_CREG_BASE_PRU_IEP      
abs   00020000  __PRU_CREG_BASE_PRU_INTC     
abs   00010000  __PRU_CREG_BASE_PRU_SHAREDMEM
abs   00028000  __PRU_CREG_BASE_PRU_UART     
abs   48300000  __PRU_CREG_BASE_PWMSS0       
abs   48302000  __PRU_CREG_BASE_PWMSS1       
abs   48304000  __PRU_CREG_BASE_PWMSS2       
abs   48318000  __PRU_CREG_BASE_RSVD10       
abs   48310000  __PRU_CREG_BASE_RSVD13       
abs   00032400  __PRU_CREG_BASE_RSVD21       
abs   00032000  __PRU_CREG_BASE_RSVD27       
abs   480ca000  __PRU_CREG_BASE_SPINLOCK     
abs   49000000  __PRU_CREG_BASE_TPCC         
abs   48022000  __PRU_CREG_BASE_UART1        
abs   48024000  __PRU_CREG_BASE_UART2        
abs   0000000e  __PRU_CREG_DCAN0             
abs   0000000f  __PRU_CREG_DCAN1             
abs   0000001f  __PRU_CREG_DDR               
abs   00000001  __PRU_CREG_DMTIMER2          
abs   00000009  __PRU_CREG_GEMAC             
abs   00000002  __PRU_CREG_I2C1              
abs   00000011  __PRU_CREG_I2C2              
abs   0000001e  __PRU_CREG_L3OCMC            
abs   00000016  __PRU_CREG_MBX0              
abs   00000008  __PRU_CREG_MCASP0_DMA        
abs   00000006  __PRU_CREG_MCSPI0            
abs   00000010  __PRU_CREG_MCSPI1            
abs   00000005  __PRU_CREG_MMCHS0            
abs   00000004  __PRU_CREG_PRU_CFG           
abs   00000018  __PRU_CREG_PRU_DMEM_0_1      
abs   00000019  __PRU_CREG_PRU_DMEM_1_0      
abs   00000003  __PRU_CREG_PRU_ECAP          
abs   0000001a  __PRU_CREG_PRU_IEP           
abs   00000000  __PRU_CREG_PRU_INTC          
abs   0000001c  __PRU_CREG_PRU_SHAREDMEM     
abs   00000007  __PRU_CREG_PRU_UART          
abs   00000012  __PRU_CREG_PWMSS0            
abs   00000013  __PRU_CREG_PWMSS1            
abs   00000014  __PRU_CREG_PWMSS2            
abs   0000000a  __PRU_CREG_RSVD10            
abs   0000000d  __PRU_CREG_RSVD13            
abs   00000015  __PRU_CREG_RSVD21            
abs   0000001b  __PRU_CREG_RSVD27            
abs   00000017  __PRU_CREG_SPINLOCK          
abs   0000001d  __PRU_CREG_TPCC              
abs   0000000b  __PRU_CREG_UART1             
abs   0000000c  __PRU_CREG_UART2             
1     00000300  __TI_STACK_END               
abs   00000100  __TI_STACK_SIZE              
abs   ffffffff  __binit__                    
abs   ffffffff  __c_args__                   
0     000007c4  __pruabi_divi                
0     000001c4  __pruabi_divu                
0     00000014  __pruabi_divull              
0     0000092c  __pruabi_lslll               
0     00000c0c  __pruabi_lsrll               
0     0000098c  __pruabi_remi                
0     00000594  __pruabi_remu                
0     00000000  _c_int00_noinit_noargs_noexit
1     00000200  _stack                       
0     00000ccc  abort                        
abs   ffffffff  binit                        
0     000003d8  hc_sr04_measure_pulse        
0     0000071c  itoa                         
0     000002d8  main                         
0     00000c50  memcpy                       
1     00000000  payload                      
1     00000394  pru_intc_map                 
0     00000b0c  pru_rpmsg_channel            
0     000009ec  pru_rpmsg_init               
0     00000658  pru_rpmsg_receive            
0     000004bc  pru_rpmsg_send               
0     00000b68  pru_virtqueue_add_used_buf   
0     00000a4c  pru_virtqueue_get_avail_buf  
0     00000aac  pru_virtqueue_init           
0     00000c84  pru_virtqueue_kick           
1     00000300  resourceTable                
0     00000850  reverse                      


GLOBAL SYMBOLS: SORTED BY Symbol Address 

page  address   name                         
----  -------   ----                         
0     00000000  _c_int00_noinit_noargs_noexit
0     00000014  __pruabi_divull              
0     000001c4  __pruabi_divu                
0     000002d8  main                         
0     000003d8  hc_sr04_measure_pulse        
0     000004bc  pru_rpmsg_send               
0     00000594  __pruabi_remu                
0     00000658  pru_rpmsg_receive            
0     0000071c  itoa                         
0     000007c4  __pruabi_divi                
0     00000850  reverse                      
0     0000092c  __pruabi_lslll               
0     0000098c  __pruabi_remi                
0     000009ec  pru_rpmsg_init               
0     00000a4c  pru_virtqueue_get_avail_buf  
0     00000aac  pru_virtqueue_init           
0     00000b0c  pru_rpmsg_channel            
0     00000b68  pru_virtqueue_add_used_buf   
0     00000c0c  __pruabi_lsrll               
0     00000c50  memcpy                       
0     00000c84  pru_virtqueue_kick           
0     00000ccc  abort                        
0     00000cd4  C$$EXIT                      
1     00000000  payload                      
1     00000200  _stack                       
1     00000300  __TI_STACK_END               
1     00000300  resourceTable                
1     00000394  pru_intc_map                 
2     00020000  CT_INTC                      
2     00026000  CT_CFG                       
abs   00000000  __PRU_CREG_BASE_PRU_DMEM_0_1 
abs   00000000  __PRU_CREG_PRU_INTC          
abs   00000001  __PRU_CREG_DMTIMER2          
abs   00000002  __PRU_CREG_I2C1              
abs   00000003  __PRU_CREG_PRU_ECAP          
abs   00000004  __PRU_CREG_PRU_CFG           
abs   00000005  __PRU_CREG_MMCHS0            
abs   00000006  __PRU_CREG_MCSPI0            
abs   00000007  __PRU_CREG_PRU_UART          
abs   00000008  __PRU_CREG_MCASP0_DMA        
abs   00000009  __PRU_CREG_GEMAC             
abs   0000000a  __PRU_CREG_RSVD10            
abs   0000000b  __PRU_CREG_UART1             
abs   0000000c  __PRU_CREG_UART2             
abs   0000000d  __PRU_CREG_RSVD13            
abs   0000000e  __PRU_CREG_DCAN0             
abs   0000000f  __PRU_CREG_DCAN1             
abs   00000010  __PRU_CREG_MCSPI1            
abs   00000011  __PRU_CREG_I2C2              
abs   00000012  __PRU_CREG_PWMSS0            
abs   00000013  __PRU_CREG_PWMSS1            
abs   00000014  __PRU_CREG_PWMSS2            
abs   00000015  __PRU_CREG_RSVD21            
abs   00000016  __PRU_CREG_MBX0              
abs   00000017  __PRU_CREG_SPINLOCK          
abs   00000018  __PRU_CREG_PRU_DMEM_0_1      
abs   00000019  __PRU_CREG_PRU_DMEM_1_0      
abs   0000001a  __PRU_CREG_PRU_IEP           
abs   0000001b  __PRU_CREG_RSVD27            
abs   0000001c  __PRU_CREG_PRU_SHAREDMEM     
abs   0000001d  __PRU_CREG_TPCC              
abs   0000001e  __PRU_CREG_L3OCMC            
abs   0000001f  __PRU_CREG_DDR               
abs   00000100  __TI_STACK_SIZE              
abs   00002000  __PRU_CREG_BASE_PRU_DMEM_1_0 
abs   00010000  __PRU_CREG_BASE_PRU_SHAREDMEM
abs   00020000  __PRU_CREG_BASE_PRU_INTC     
abs   00026000  __PRU_CREG_BASE_PRU_CFG      
abs   00028000  __PRU_CREG_BASE_PRU_UART     
abs   0002e000  __PRU_CREG_BASE_PRU_IEP      
abs   00030000  __PRU_CREG_BASE_PRU_ECAP     
abs   00032000  __PRU_CREG_BASE_RSVD27       
abs   00032400  __PRU_CREG_BASE_RSVD21       
abs   40000000  __PRU_CREG_BASE_L3OCMC       
abs   46000000  __PRU_CREG_BASE_MCASP0_DMA   
abs   48022000  __PRU_CREG_BASE_UART1        
abs   48024000  __PRU_CREG_BASE_UART2        
abs   4802a000  __PRU_CREG_BASE_I2C1         
abs   48030000  __PRU_CREG_BASE_MCSPI0       
abs   48040000  __PRU_CREG_BASE_DMTIMER2     
abs   48060000  __PRU_CREG_BASE_MMCHS0       
abs   480c8000  __PRU_CREG_BASE_MBX0         
abs   480ca000  __PRU_CREG_BASE_SPINLOCK     
abs   4819c000  __PRU_CREG_BASE_I2C2         
abs   481a0000  __PRU_CREG_BASE_MCSPI1       
abs   481cc000  __PRU_CREG_BASE_DCAN0        
abs   481d0000  __PRU_CREG_BASE_DCAN1        
abs   48300000  __PRU_CREG_BASE_PWMSS0       
abs   48302000  __PRU_CREG_BASE_PWMSS1       
abs   48304000  __PRU_CREG_BASE_PWMSS2       
abs   48310000  __PRU_CREG_BASE_RSVD13       
abs   48318000  __PRU_CREG_BASE_RSVD10       
abs   49000000  __PRU_CREG_BASE_TPCC         
abs   4a100000  __PRU_CREG_BASE_GEMAC        
abs   80000000  __PRU_CREG_BASE_DDR          
abs   ffffffff  __binit__                    
abs   ffffffff  __c_args__                   
abs   ffffffff  binit                        

[98 symbols]
